procs -----------memory---------- ---swap-- -----io---- -system-- -------cpu-------
 r  b   swpd   free   buff  cache   si   so    bi    bo   in   cs us sy id wa st gu
 1  0 468840 31827472  37784 93249076   82  221 26850  1822 2664    1  2  1 97  0  0  0
 1  0 468840 33764060  38704 91001200    0    0 106816     0 4205 2599  1  3 95  1  0  0
 1  1 468840 33306368  38716 91262456    0    0 261672   136 5800 3658  3  4 92  1  0  0
 2  0 468840 31851972  38716 92703400    0    0 1440616     0 19599 14837  0  8 90  2  0  0
 2  0 468840 30065360  38716 94486784    4    0 1782164     0 21185 13777  0  9 90  2  0  0
 0  1 468840 26101636  38716 98441292    0    0 3952816     0 23374 22082  0  7 91  1  0  0
 1  1 468840 22847956  38716 101682040    0    0 3240560     0 27740 18776  0  4 95  1  0  0
 0  1 468840 19107452  38724 105411960    0    0 3729672    44 29169 18912  0  4 95  1  0  0
 1  0 468840 16442692  38724 108069564    0    0 2657796     0 22374 15503  0  3 95  2  0  0
 1  0 468840 14955068  38724 109549376    0    0 1479884     0 26228 16793  0  4 95  1  0  0
 1  0 468840 13859008  38724 110636608    0    0 1086848     0 30629 19842  0  4 95  1  0  0
 1  0 468828 12948884  38724 111540308   28    0 902264     0 13718 10954  0  3 95  3  0  0
 2  0 468828 11853032  38732 112621820    0    0 1082136    52 18506 13347  0  3 95  2  0  0
 1  0 468828 10049340  38732 114413668    0    0 1791472     0 19855 16336  0  4 95  1  0  0
 2  0 468828 7014056  38500 104432616    0    0 362924     0 5462 2910  0  7 93  0  0  0
 3  0 468828 8260692  38500 82618384    0    0     0     0 2757 1101  0  7 93  0  0  0
 1  0 468828 7637048  38500 61674024    0    0     0     0 2640  900  0  6 94  0  0  0
 2  0 468828 7988304  38508 53321616    0    0     0    48 3804  799  0 10 90  0  0  0
 2  0 468828 8664812  38508 52311912    0    0     0     0 2674  477  0  7 93  0  0  0
 2  0 468828 8474840  38508 52438556    0    0 127124     0 5933 3890  3  8 89  0  0  0
 2  0 468828 8456660  38508 52455616    0    0 16672     0 8021 8711  5  6 88  0  0  0
procs -----------memory---------- ---swap-- -----io---- -system-- -------cpu-------
 r  b   swpd   free   buff  cache   si   so    bi    bo   in   cs us sy id wa st gu
 2  0 468828 8444900  38508 52469380    0    0 13744     0 9406 11556  5  6 88  1  0  0
 1  1 468828 8427584  38516 52484352    0    0 15216    44 9699 11802  4  6 88  1  0  0
 1  1 468828 8327016  38516 52578612    0    0 94264     0 29636 47536  0  6 90  3  0  0
 3  0 468828 8182524  38516 52711908    0    0 133352     0 34513 61151  1  7 90  2  0  0
 1  0 468828 8042392  38516 52852760    0    0 140468     0 6308 5355  5  5 90  0  0  0
 1  0 468828 7847868  38516 53044960    0    0 192456     0 5610 4815  5  2 93  0  0  0
 2  0 468828 7414884  38524 53479292    0    0 435024    72 5430 4332  4  2 94  0  0  0
 2  0 468828 7401092  38524 53491292    0    0 11984     0 3380 3458  5  1 93  0  0  0
 3  0 468828 7385444  38524 53505840    0    0 13920     0 5691 6954  5  1 93  0  0  0
 2  0 468828 7347908  38524 53541596    0    0 35912     0 13103 21698  5  2 93  0  0  0
 1  0 468828 7289204  38524 53599500    0    0 57440     0 18255 32073  5  2 93  0  0  0
 2  0 468828 7237884  38532 53651064    0    0 51560    44 16846 29287  5  2 93  0  0  0
 1  0 468828 7112652  38532 53768360    0    0 117472     0 43922 61422  3  2 94  1  0  0
 0  1 468828 6846792  38536 54013596    0    0 245208   192 103223 123012  0  2 96  2  0  0
 1  1 468828 6742392  38536 54121808    0    0 108180     0 25792 27669  4  2 93  1  0  0
 2  0 468828 6721828  38536 54165384    0    0 43420     0 14942 25287  5  2 93  0  0  0
 1  0 468828 6522760  38544 54363140    0    0 197760    56 6526 5761  5  2 93  0  0  0
 1  0 468828 4737560  38548 56152360    0    0 1789192     0 11285 7016  2  3 94  1  0  0
 1  0 468828 4068248  38548 56917788    0    0 1383684     0 9775 6343  4  3 93  0  0  0
 1  1 468828 3968700  38548 57015724    0    0 97852     0 4266 3989  5  1 93  0  0  0
 2  0 468828 3884368  38548 57098604    0    0 82704     0 4639 4629  5  1 93  0  0  0
procs -----------memory---------- ---swap-- -----io---- -system-- -------cpu-------
 r  b   swpd   free   buff  cache   si   so    bi    bo   in   cs us sy id wa st gu
 1  0 468828 3123596  38556 57857628    0    0 759024    44 7520 5172  4  2 93  0  0  0
 1  0 468828 3628548  38556 57351652    0    0 130236     0 5856 5562  5  2 93  0  0  0
 1  0 468828 3424044  38556 57553384    0    0 201728     0 6076 5386  5  1 94  0  0  0
 2  0 468828 3554652  38556 57446952    0    0 879408     0 11527 6345  4  6 90  0  0  0
 2  0 468888 3560508  38544 57490392    0 1960 180480  1960 9564 5521  5  7 88  0  0  0
 3  0 469276 4067944  38552 56986244    4 1188 70404  1232 6672 3433  5  9 86  0  0  0
 2  0 469676 4349360  29208 56716920    0 2764 504020  2800 7421 3485  3  9 88  0  0  0
 3  0 470580 4627236  28768 56435868    0 3508 356924  3508 7275 4406  3  8 89  0  0  0
 3  0 471296 5182260  28744 55898996    4 10740 74640 10740 6518 4696  5  7 88  0  0  0
 3  0 471356 5872012  28744 55211900    0 1924 41984  1924 4901 1602  5  9 85  0  0  0
 3  0 472168 6506444  28776 54582804    8 3796 48160  3848 5035 1528  5 10 85  0  0  0
 3  0 472288 7167008  28776 53928060    0 4016 37632  4016 4795 1289  5 10 85  0  0  0
 3  0 475064 7252708  17212 53896624    0 29048 65380 29048 5376 1856  5  9 86  0  0  0
 2  0 475068 7550844  17204 53620712   20 10808 83460 10808 3684  844  0 11 89  0  0  0
 2  0 516748 8238504  17180 52985192  116 43256 86808 43256 3609  755  0 10 90  0  0  0
 2  0 630200 8290864  16956 53059300  380 118604 77696 118648 4701 1149  0 10 90  0  0  0
 2  0 630192 8553484  16956 52795808   80   16 77780    16 4824  684  0 10 90  0  0  0
 2  0 630176 9179488  16956 52170016   20    0 69100     0 3765  528  0 10 90  0  0  0
 3  0 630168 9815328  16960 51532208   12    0 69080     0 3704  642  0 10 90  0  0  0
 3  0 630148 10426604  16960 50922120   52    0 72932     0 3506  771  0 10 90  0  0  0
 2  0 630076 11045776  16968 50302016   60    0 70712    44 3930 1172  2 10 88  0  0  0
procs -----------memory---------- ---swap-- -----io---- -system-- -------cpu-------
 r  b   swpd   free   buff  cache   si   so    bi    bo   in   cs us sy id wa st gu
 3  0 630060 11480244  16932 49865932   24    0 88060     0 4291 2448  2  8 90  0  0  0
 3  0 630000 11659964  16900 49688868  132   20 93668    20 5752 3656  5  7 87  0  0  0
 4  0 629900 11688052  16900 49655544 5732  228 68936   228 7244 5925  5  8 87  0  0  0
 3  0 630764 12260264  16892 49082020   52 1008 48456  1008 5723 2398  5 10 85  0  0  0
 2  0 630828 12163376  16900 49181960   12 2380 327436  2424 8574 5568  4  9 87  0  0  0
 2  0 630876 12149268  16900 49190464   12  796 48600   796 3655  795  0  9 91  0  0  0
 2  0 695828 12194280  16900 49218888   12 64564 31700 64564 5161  878  0  9 91  0  0  0
 2  0 695848 12506032  16820 48909224  100   72 66592    72 3152  757  0 10 90  0  0  0
 2  1 695988 13045132  16824 48358724   76  236 108696   236 5205 3467  0 10 89  0  0  0
 2  0 696544 13560044  16832 47852204   40  624 152084   668 5166 3676  0 10 89  0  0  0
 3  0 696624 14171624  16832 47242196   68   88 88908    88 3823  855  1 10 89  0  0  0
 2  0 696852 14654392  16824 46762480   40 3080 53816  3080 3911 1101  2 10 88  0  0  0
 2  0 696628 14765588  16824 46630064  380    0 183384     0 8230 6664  5  8 87  0  0  0
 3  0 696612 14496900  16824 46883760   80    0 253992     0 7860 7189  5  4 91  0  0  0
 2  0 696608 14135920  16824 47272892   32    0 764076     0 9027 3943  2 10 88  0  0  0
 1  0 696604 13885508  16832 47528724   32    0 256064    44 8734 7858  5  5 90  0  0  0
 2  0 696604 13329676  16836 48061024    0    0 532716    36 8833 7153  5  6 89  0  0  0
 3  0 696824 13274120  16832 48137736    8 1952 503648  1968 6267 2210  1 10 89  0  0  0
 3  0 696880 12988992  16832 48423596    4  168 820476   168 8324 1870  0 14 86  0  0  0
 2  0 696876 12882740  16832 48530232   24    0 606324     0 7256 2236  1 11 88  0  0  0
 1  0 696876 12902036  16840 48507432   12    0 125500    56 5798 4177  4  6 90  0  0  0
procs -----------memory---------- ---swap-- -----io---- -system-- -------cpu-------
 r  b   swpd   free   buff  cache   si   so    bi    bo   in   cs us sy id wa st gu
 2  1 696876 12664420  16840 48614624    0    0 107152     0 6238 4639  5  5 89  0  0  0
 3  0 696840 12572676  16840 48703864   32    0 89108     0 6586 5280  5  6 88  0  0  0
 2  0 696680 12487932  16848 48784124 2300    0 82504    84 7166 6177  5  6 88  0  0  0
 3  0 696680 12415388  16848 48851284    0    0 67100     0 5985 4796  5  6 88  1  0  0
 2  0 696680 12346976  16848 48922812   16    0 71592     0 5911 4568  5  6 88  1  0  0
 2  0 696680 12255676  16848 49004812    0    0 81836     0 6324 4794  5  6 88  0  0  0
 2  0 696680 12175872  16848 49082812    8    0 77952     0 6260 4767  5  6 88  0  0  0
 2  0 696680 12104832  16856 49160360   12    0 77508    56 6151 4597  5  6 88  0  0  0
 2  0 696668 12018964  16856 49240012    8    0 79692     0 6414 4931  5  6 88  0  0  0
 4  0 696156 11682828  24556 49509624 1028    0 277164     4 13674 10698  8  3 88  1  0  0
 3  0 696152 11371916  58124 49735184    8    0 258384     0 10741 9050  9  3 87  1  0  0
 2  0 695728 11159956  58964 49931368  632    0 197736     0 14651 9599  6  4 89  1  0  0
 1  1 695708 11006992  58972 50082880   72    0 150956    88 6173 4737  5  2 92  1  0  0
 2  0 695708 10754792  58972 50335408   32    0 252436     0 7863 7375  5  2 92  1  0  0
 2  0 695708 10585840  58972 50503444  712    0 168584     0 6063 4510  5  2 92  1  0  0
 1  0 695700 10434744  58972 50654872    8    0 151308     0 5910 4586  5  2 92  1  0  0
 1  0 695700 10308984  58972 50778540    0    0 123572     0 5497 4616  5  2 92  1  0  0
 1  0 695688 10166124  58980 50919952   52    0 141348    44 6187 5474  5  2 92  1  0  0
 2  0 695680 10013880  58980 51072024    8    0 151940     0 5870 5184  5  2 92  1  0  0
 2  0 695680 9938972  58980 51145896    0    0 74060     0 4338 3668  5  2 93  0  0  0
 1  0 695680 9815048  58980 51268772   92    0 122640     0 5125 4506  5  2 92  0  0  0
procs -----------memory---------- ---swap-- -----io---- -system-- -------cpu-------
 r  b   swpd   free   buff  cache   si   so    bi    bo   in   cs us sy id wa st gu
 2  0 695644 9625840  58980 51457976   60    0 189064     0 6686 4825  5  2 92  1  0  0
 1  0 695640 9506184  58980 51577480    0    0 119504     0 5560 4415  5  2 92  0  0  0
 3  0 695004 9324028  58992 51756392  992    0 179788    48 9754 8521  5  2 91  2  0  0
 2  0 694996 9104004  58992 51976480    8    0 220164     0 7818 6247  5  2 92  1  0  0
 2  0 694996 8907196  58992 52171712   12    0 194864     0 7084 6346  5  2 92  1  0  0
 2  0 694996 8689640  58992 52387160    0    0 215252     0 7456 5450  5  2 92  1  0  0
 2  0 694984 8540060  58992 52538136   36    0 151004    40 6498 5081  5  2 92  1  0  0
 2  0 694984 8321308  59000 52755920    0    0 217612    56 7510 5299  5  2 92  1  0  0
 1  0 694980 8141748  59000 52933716    0    0 177776     0 7030 5674  5  2 93  0  0  0
 2  0 694972 8063896  59000 53012180   52    0 78456     0 5044 4350  5  2 93  0  0  0
 3  0 694964 7929776  59000 53145980    8    0 133660     0 5624 5177  5  2 93  0  0  0
 1  0 694960 7866296  59000 53207692   44    0 61468    96 3972 3759  5  2 93  0  0  0
 2  0 694960 7643496  59008 53432492    8    0 224516    44 6057 4891  5  2 92  1  0  0
 2  0 694960 7448032  59008 53626804    0    0 194512     0 6830 4878  5  2 93  0  0  0
 2  0 694896 7368256  59264 53707840  832    0 82372     0 4756 4183  5  2 93  0  0  0
 1  0 693068 7280836  59520 53790536 4680    0 86592   224 7620 7106  5  2 92  0  0  0
 2  0 693068 7198260  59520 53871660    0    0 81176     0 4984 3938  5  2 93  0  0  0
 2  0 692992 7079896  59520 53989048   28    0 117164     0 6019 4602  5  2 93  0  0  0
 1  1 692856 6949808  59528 54119728  520    0 131264   572 5520 4410  5  2 93  0  0  0
 2  0 692704 6790352  59528 54275268 8412    0 163872     0 7993 8347  5  2 92  1  0  0
 1  1 692644 6574068  59528 54489192   16    0 213224     0 5793 4575  5  2 92  1  0  0
procs -----------memory---------- ---swap-- -----io---- -system-- -------cpu-------
 r  b   swpd   free   buff  cache   si   so    bi    bo   in   cs us sy id wa st gu
 1  0 692644 6519536  59528 54542528    0    0 53372     0 4887 4346  5  2 93  0  0  0
 1  1 692640 6339252  59544 54720900   36    0 178300   232 6343 4203  5  2 93  0  0  0
 2  0 692632 6172464  59544 54887564    0    0 166580     0 5914 3821  5  2 93  0  0  0
 1  1 692632 6160784  59552 54897632    0    0 10504    64 4059 3881  5  1 93  0  0  0
 2  0 692608 5928536  59552 55129948    0    0 231816     0 9531 5976  5  2 92  1  0  0
 2  0 692600 5716268  59552 55342700   16    0 212484     0 6628 4452  5  2 93  1  0  0
 3  0 692600 5554152  59552 55504324    8    0 161512     0 6706 5105  5  2 92  1  0  0
 2  0 692596 5353548  59552 55704488    0    0 199916     0 6964 4805  5  2 92  1  0  0
 1  1 692596 5162384  59560 55894096    0    0 189632    64 6024 4026  5  2 93  0  0  0
 2  0 692588 4942016  59560 56113536   12    0 219408     0 8982 5734  5  2 92  1  0  0
 1  0 692588 4761188  59564 56294672    0    0 181492     0 7122 4927  5  2 93  1  0  0
 3  0 692588 4553992  59564 56501612    4    0 206620     0 7921 5106  5  2 92  0  0  0
 1  0 692576 4134992  59564 56920032   28    0 418432     0 13323 8749  4  2 93  1  0  0
 1  0 692576 3932540  59572 57119840    0    0 199572    44 6947 4521  5  2 92  1  0  0
 2  0 692576 3726744  59572 57324784    0    0 204924     0 7012 4961  5  2 92  1  0  0
 2  0 692576 3485216  59572 57566344    0    0 241816    12 7944 5803  5  2 92  1  0  0
 1  0 692576 3280644  59572 57770976    0    0 204320     0 6633 4289  5  2 93  0  0  0
 2  1 692576 3131196  17248 57966612    0    0 200856     0 7429 4231  5  3 91  0  0  0
 3  0 692576 2895648  17248 58267168   24    0 301620     0 12015 7443  5  7 88  0  0  0
 2  0 693360 2753232  17124 58474724   12 1260 249344  1912 9636 5648  5  7 87  0  0  0
 2  0 693356 2901928  18456 58329112   24    4 119636     4 20062 31218  5  7 87  0  0  0
procs -----------memory---------- ---swap-- -----io---- -system-- -------cpu-------
 r  b   swpd   free   buff  cache   si   so    bi    bo   in   cs us sy id wa st gu
 3  0 693356 2810400  18420 58420584    8    0 215916     0 13240 14757  5  7 87  0  0  0
 2  0 693356 3087320  18308 58147888   16    0 185124     0 14967 19043  5  7 88  0  0  0
 3  0 693356 2866672  18308 58368380    0    0 220792     0 8096 5588  5  7 88  1  0  0
 4  0 693352 2693312  18316 58693616   36   20 327344   136 10198 7245  2  9 88  1  0  0
 3  0 693352 3033836  18224 58350220    0    0 255840     0 21027 28129  5  7 87  0  0  0
 3  0 693348 3028944  18224 58353784    0    0 373584     0 12220 8257  3  8 88  1  0  0
 2  0 693348 2759728  18220 58622364    0    0 268368     0 9966 5787  5  7 87  0  0  0
 2  0 700652 2589244  16800 58815076    0 9576 209940  9576 7554 4023  1  8 92  0  0  0
 3  0 701680 2616140  16832 58789028  116 2592 19508  2740 4676 1284  0 13 87  0  0  0
 3  0 701656 3057928  16832 58343416   52    0 188640     0 9566 7009  5  7 87  1  0  0
 2  0 701484 3446312  16832 57950772  284    0 238640     0 10160 6601  5  7 87  0  0  0
 2  0 701484 3632800  16764 57762108    0    0 206980     0 10244 8601  5  5 89  1  0  0
 2  0 701484 3419636  16764 57970888    0    0 209164     0 7558 4683  5  2 93  0  0  0
 1  0 701484 3208620  16772 58180140    0    0 209200    44 6222 4179  5  2 93  0  0  0
 2  0 701484 3252136  16772 58136200    0    0 273176     0 9269 8095  5  5 90  0  0  0
 2  0 701776 3271732  16772 58120920   24  324 557904   324 10093 7277  4  7 88  0  0  0
 5  0 701776 3508572  16772 57884228    0    0 323348     0 11102 8612  5  7 88  0  0  0
 1  1 701776 3576172  16776 57817568    0    0 340028     0 11232 8945  5  6 89  0  0  0
 2  0 701568 3551692  16672 57879276  312   16 419040    60 6575 3360  0  8 91  1  0  0
 1  0 701568 4965484  16668 56480268    0   44     0    44 2981  455  0 10 90  0  0  0
 0  0 691428 4028204  16684 56538952 24984    0 40004     0 5391 4190  1  5 93  1  0  0
procs -----------memory---------- ---swap-- -----io---- -system-- -------cpu-------
 r  b   swpd   free   buff  cache   si   so    bi    bo   in   cs us sy id wa st gu
 0  1 691336 3822016  19128 56636828 13460    0 112680     0 6425 7304  2  1 95  2  0  0
 1  0 691324 3572128  19552 56710364  480    0 75436     0 2952 2290  2  1 95  2  0  0
 1  0 691316 3418412  19552 56755012   48    0 44772     0 9589 16496  2  1 95  2  0  0
 1  0 691308 3380340  19560 56785696   56    0 30232    72 12874 15490  2  1 95  3  0  0
 1  0 691304 3358584  19560 56807452   28    0 21844     0 12622 11374  2  0 95  2  0  0
 0  1 691300 3335428  19560 56825828    0    0 18040     0 8400 9547  3  0 95  2  0  0
 1  0 691296 3311656  19560 56841908    0    0 15716     0 6029 8401  3  1 95  2  0  0
 1  0 691280 3278608  19560 56867788   20    0 25656     0 8073 13368  3  0 95  2  0  0
 2  0 691280 4124172  19568 56014804    0    0 23008    44 7368 12006  3  1 94  2  0  0
 0  1 691276 3970444  19568 56040788   76    0 26232     0 7975 12930  2  1 95  2  0  0
 1  0 691264 3809068  19568 56055308  160    0 14288     0 4558 6455  4  1 95  1  0  0
 1  0 691232 3801380  19568 56058620  188    0  3392     0 1862 1452  5  0 95  0  0  0
 1  0 691216 3799364  19568 56061212  132    0  2744     0 1862 1287  5  0 95  0  0  0
