procs -----------memory---------- ---swap-- -----io---- -system-- -------cpu-------
 r  b   swpd   free   buff  cache   si   so    bi    bo   in   cs us sy id wa st gu
 1  0 482164 34799632   6024 90467296   83  223 29843  1801 2667    1  2  1 97  0  0  0
 1  0 482188 35532416   7544 89342464    4   32 115272    32 3846 2872  2  3 95  1  0  0
 1  1 482188 34557880   7544 90123248    0    0 780768     0 6926 4161  3  4 92  2  0  0
 2  0 482188 31260300   7544 93418520    0    0 3294984     0 28241 15398  0  8 90  2  0  0
 2  0 481456 26116628   7544 98548180  216    0 5130448     8 36520 22908  0  9 90  1  0  0
 1  0 481456 21091964   7552 103686996    0    0 5137748   220 31079 23884  0  6 93  1  0  0
 0  1 481456 17270308   7552 107498020    0    0 3810896     0 25955 16903  0  4 95  1  0  0
 1  0 481464 14185328   7552 110570492    0    8 4675936     8 24043 20266  0  4 95  1  0  0
 1  0 481504 12355684   7528 112450928    0   40 5175752    40 30739 22884  0  4 95  1  0  0
 1  0 481616 12320136   7268 112462992    0  112 8520788   120 46083 34669  0  5 95  1  0  0
 1  0 481692 12663180   7184 112102032   88   84 8342932   136 39116 33857  0  4 95  1  0  0
 0  1 481740 11786644   7024 112959740    0   68 5988604    68 35111 29971  0  4 95  2  0  0
 1  1 481780 11792924   7024 112942632    0   40 4941696    40 33622 21715  0  3 95  2  0  0
 1  0 481852 11962372   7024 112774084    0   72 6635436    72 30604 27884  0  5 94  1  0  0
 0  1 481924 11658500   7024 113057576    0   72 6958460    72 36191 29083  0  4 94  1  0  0
 1  0 481984 11034188   7024 113665684    0   60 5681788    60 34790 24320  0  4 94  2  0  0
 0  1 482048 11610228   7032 113074080    0   64 6167308   108 26459 25420  0  4 95  1  0  0
 3  0 482080 8504512   7032 110837656    0   32 1081740    32 8509 6382  0  4 94  1  0  0
 2  0 482176 7359564   7016 99814312    0   96     0    96 2635  539  0  9 91  0  0  0
 3  0 482216 7284152   7016 92792328    0   40     0    40 3056  555  0 10 90  0  0  0
 2  0 483196 7284152   7036 91235920    4 1476   524  1528 3793  821  0 11 89  0  0  0
procs -----------memory---------- ---swap-- -----io---- -system-- -------cpu-------
 r  b   swpd   free   buff  cache   si   so    bi    bo   in   cs us sy id wa st gu
 2  0 483896 7284104   7048 90432564    0  820    52   872 3412  592  0 10 89  0  0  0
 2  0 484256 7283980   7860 89703708  244  688  1276   688 3566  743  0 11 89  0  0  0
 2  0 484268 7283844   7836 88839524   32   12  1380    12 3695  676  0 11 89  0  0  0
 2  0 484268 7284200   7840 88090664    0    0  1100     0 3553  706  0 11 89  0  0  0
 2  0 484260 7284216   7840 87389024    8    0   384     0 3667  711  0 11 89  0  0  0
 2  1 484260 7283868   7840 86660272    0    0  2472    72 4773 1728  0 11 88  0  0  0
 2  0 484260 7624204   5564 86040020    0    0    32     0 3323  635  0  9 90  0  0  0
 3  0 582924 7548800   5536 85521416  340 100736 11032 100820 9577 5937  0 11 88  1  0  0
 4  0 583376 7281516   6212 84725676   36 1012  1576  1024 4951 1022  0 11 89  0  0  0
 3  0 583388 7282092   6568 83871268   12   88  3856    88 5108 1575  0 11 89  0  0  0
 5  0 631904 7282236   5480 83098244   28 48692  6296 48708 8038 3852  0 13 86  0  0  0
 2  0 703688 7282188   5476 82499980   28 74292    28 74424 4169  743  0  9 91  0  0  0
 3  0 711704 7283816   6092 81851040 1884 7972  6168  7972 6262 2459  0 13 86  0  0  0
 3  0 712172 7277920   6088 81040980   40  868  5780   868 6372 3251  0 15 84  0  0  0
 4  0 712532 6978208   5976 80453072  876 3864  2808  3864 4933 1705  0 11 89  0  0  0
 2  0 712824 7023188   5968 80196964  444 2604  5160  2604 4205 1125  0  8 92  0  0  0
 3  0 712804 7047992   6448 79301204   84    4 12476    24 6976 5702  0 14 85  1  0  0
 3  0 712828 7047792   6252 78636100   16   28  1156    28 3575  933  0 11 89  0  0  0
 2  0 712392 7048016   6580 78535544 2048    0  8872     0 9507 2030  0 20 80  0  0  0
 2  0 712376 7048056   6580 78474708   40    0   744     0 5312  694  0 12 87  0  0  0
 3  0 712308 7048068   6580 78174328  152    0   480     0 4655  868  0 11 89  0  0  0
procs -----------memory---------- ---swap-- -----io---- -system-- -------cpu-------
 r  b   swpd   free   buff  cache   si   so    bi    bo   in   cs us sy id wa st gu
 3  0 712308 7047680   4280 77756804    4    0    24    44 3375  449  0 11 89  0  0  0
 2  0 712292 7047832   4276 77663976   40    0   136     0 4633  667  0 11 89  0  0  0
 5  0 712132 7041620   4224 77618724  372    0  1360     0 5868 1065  0 19 80  0  0  0
 3  0 708944 7047780   2500 76984356 11016 6036 21344  6068 13988 7195  0 21 78  1  0  0
 3  0 708880 7286916   2500 75969904  204  116  8844   116 7768 4089  0 16 84  1  0  0
 2  0 708844 7281952   2500 75038012  124   12   820    12 4625  973  0 11 88  0  0  0
 2  0 708828 7281988   2508 74132944   40    0    40    52 3801  572  0 11 89  0  0  0
 3  0 708828 7282536   2508 73232088    0    0     0     0 4108  656  0 10 90  0  0  0
 2  0 708648 7282328   2508 72334768 1364    0  1404     0 5624 1231  0 11 89  0  0  0
 2  0 708620 7282160   2508 71406580   68    0    96     0 5676  827  0 13 87  0  0  0
 2  0 708604 7282100   2508 70511052   40    0    40     0 4466  645  0 11 89  0  0  0
 2  0 708588 7282292   2516 69596828   40    0    40    44 3977  648  0 11 89  0  0  0
 3  0 708588 7282012   2516 68671360    0    0     0     0 4292  565  0 10 89  0  0  0
 2  0 708448 7282264   2516 67704092  352    0   376     0 6440 1167  0 14 86  0  0  0
 2  0 708416 7282576   2516 66768492  156    0   184     0 4927  806  0 11 88  0  0  0
 2  0 708320 7282052   2516 65834336  132    0   362     0 4433  903  0 12 88  0  0  0
 4  0 708320 7276436   2524 64896176    0    0     0    44 4568  653  0 10 90  0  0  0
 2  0 708304 7282404   2524 63962544   16    0   144     0 5231  858  0 12 88  0  0  0
 2  0 708276 7282532   2524 63040396   24    0    24     0 4879  772  0 11 89  0  0  0
 4  0 707900 7282384   2524 62088860 8668    0 21168     0 10402 4779  0 19 80  1  0  0
 4  0 707888 7282560   2524 61208268   24    0   768     0 5069  999  0 12 87  0  0  0
procs -----------memory---------- ---swap-- -----io---- -system-- -------cpu-------
 r  b   swpd   free   buff  cache   si   so    bi    bo   in   cs us sy id wa st gu
 4  0 707820 7283336   2524 60344404  660    0  7684     0 4833 1067  0 14 86  0  0  0
 4  0 707720 7282044   2652 59466108 1200    0  9596    44 10458 1545  0 16 84  0  0  0
 3  0 706204 7275084   2872 58589064 3560    0  9768     0 9756 2347  0 15 84  0  0  0
 2  0 705900 7282784   2888 57713480  268    0  1896   224 6198  898  0 12 88  0  0  0
 2  0 705860 7282328   2900 56820764   60    0  1004     0 5506  867  0 13 87  0  0  0
 3  0 705860 7280852   2900 55947148    0    0     0     0 3641  537  0 11 89  0  0  0
 2  0 705860 7282132   2908 55074888    0    0     0    84 4511  638  0 10 90  0  0  0
 4  0 705856 7385128   2908 54226080    8    0     8     0 4338  658  0 11 89  0  0  0
 2  0 705844 7972524   2908 53392160  184    0  1528     0 4145  685  0 10 90  0  0  0
 2  0 705804 8536144   2912 52811540 1252    0 186464     0 7712 5662  3  8 88  1  0  0
 2  0 705804 9227468   2912 52119916   40    0 37672     0 8148 5180  5  7 87  0  0  0
 2  0 705796 9894864   2920 51451324    0    0 62464    44 7547 5129  5  7 88  0  0  0
 1  0 703572 10337932   2928 51007016  768    0 208752    24 11759 7883  5  7 88  1  0  0
 2  0 703544 10144024   2940 51190504   44    0 183528    36 5363 5111  5  2 92  1  0  0
 1  0 703544 9991824   2940 51340712    0    0 150528     0 5256 4860  5  2 92  1  0  0
 1  0 703544 9701640   2940 51630264    0    0 289232     0 5382 5872  4  2 93  1  0  0
 3  0 703544 9535464   2944 51777692   24    0 147468    48 5044 4601  5  2 92  1  0  0
 2  0 703544 9422388   2952 51889292    0    0 111616    72 4135 3881  5  2 92  1  0  0
 1  0 703540 9330792   2952 51979404    0    0 90112     0 4484 4120  5  2 92  1  0  0
 1  0 703260 9219984   4320 52080988 2860    0 106172    84 5457 5614  5  2 92  1  0  0
 2  0 703260 9082508   4320 52217436    0    0 136448     0 4778 4501  5  2 92  1  0  0
procs -----------memory---------- ---swap-- -----io---- -system-- -------cpu-------
 r  b   swpd   free   buff  cache   si   so    bi    bo   in   cs us sy id wa st gu
 1  0 703260 8950324   4320 52349536    8    0 131720     0 4888 4256  5  2 93  1  0  0
 1  0 703252 8779484   4320 52519780   20    0 170260     0 4616 3932  5  2 93  0  0  0
 1  1 703236 8611840   4320 52685412   40    0 165672     0 4412 3825  5  1 93  0  0  0
 1  0 703236 8441308   4328 52857104    0    0 172024    84 4389 4272  5  2 92  1  0  0
 0  1 703236 8178888   4328 53118876    0    0 261376     0 5279 5803  4  2 92  1  0  0
 1  0 703232 7984680   4328 53313000   32    0 194216     0 4233 4458  5  2 92  1  0  0
 1  0 703228 7810576   4328 53486952    4    0 173956     0 4142 3922  5  2 92  1  0  0
 1  0 703228 7643128   4328 53646568    0    0 159616     0 4500 4412  5  2 92  1  0  0
 2  0 703224 7443472   4336 53844832    4    0 198276    44 4748 4756  5  2 92  1  0  0
 2  0 703216 7274808   4336 54012628   12    0 167864     0 4396 4133  5  2 92  1  0  0
 1  1 703216 7125504   4336 54162132    0    0 149504     0 3972 3591  5  2 93  1  0  0
 1  0 703216 6961520   4336 54326248    0    0 164116     0 4475 4176  5  2 92  1  0  0
 2  0 703216 6590400   4336 54697428   28    0 371208     0 5228 4565  5  2 92  1  0  0
 2  0 703216 6432024   4340 54855700    0    0 158276   208 4549 4244  5  2 93  0  0  0
 2  0 703216 6256596   4348 55031820    0    0 176128    64 5142 4465  5  2 93  0  0  0
 2  0 703216 6075832   4348 55212568    0    0 180736     0 5365 4634  5  2 93  0  0  0
 3  0 703212 5886428   4348 55399192   20    0 186644     0 5256 4468  5  2 93  0  0  0
 2  0 703200 5704184   4484 55582440   60    0 183404     0 5730 5185  5  2 93  0  0  0
 1  0 703200 5527072   4484 55759288    0    0 176896     0 5166 4405  5  1 93  0  0  0
 1  0 703164 5330328   4492 55955892  128    0 196924    48 5679 4936  5  2 93  0  0  0
 2  0 703160 5147312   4496 56138588   12    0 182544     0 4662 4063  5  2 93  0  0  0
procs -----------memory---------- ---swap-- -----io---- -system-- -------cpu-------
 r  b   swpd   free   buff  cache   si   so    bi    bo   in   cs us sy id wa st gu
 1  0 703160 4959792   4496 56325980    0    0 187392     0 4435 4047  5  2 92  1  0  0
 1  0 703160 4691764   4496 56595376   16    0 269412   192 4508 4345  5  2 93  1  0  0
 1  0 703160 4508032   4504 56779184    4    0 183816    20 4079 3939  5  2 92  1  0  0
 1  0 703160 4324948   4512 56962472    0    0 183552    68 3905 3579  4  2 93  1  0  0
 2  0 703160 4159492   4512 57128112    0    0 165376     0 3851 3795  5  2 92  2  0  0
 2  0 703160 3990552   4512 57294708    0    0 166592     0 3957 3565  5  2 93  1  0  0
 1  0 703156 3803732   4512 57480324    8    0 186012   112 4297 3728  4  2 93  1  0  0
 1  0 703156 3574532   4512 57709784    0    0 229120    16 4992 5021  5  2 93  1  0  0
 2  0 703156 3744748   4512 57558188    4    0 505020     0 8165 7043  3  6 90  1  0  0
 3  0 703156 4261896   4508 57044880    0    0 155520    56 9690 7060  5  6 89  0  0  0
 2  0 703152 4860440   4508 56452076    4    0 125076     0 9208 7090  5  6 89  0  0  0
 1  0 703152 4229820   4496 57081192   20    0 700128     0 7197 6328  4  2 93  0  0  0
 1  0 703152 3990020   4496 57319380   16    0 239044     0 6003 5534  5  2 93  0  0  0
 2  0 703152 3773652   4496 57534804    0    0 215680     0 4974 4612  5  1 93  0  0  0
 2  0 703152 3421368   4504 57896408    0    0 740636    44 9317 8075  4  5 91  0  0  0
 2  0 703152 3856728   4504 57460608    4    0 197764     0 9589 7756  5  6 89  0  0  0
 3  0 703136 4331836   4504 56987148   28    0 179076     0 10568 9324  5  6 89  0  0  0
 2  0 703140 4007736   4504 57309992    0   12 521292    12 7066 5943  5  3 92  0  0  0
 1  0 702940 3829244   5040 57484720  116    0 175688     0 4819 4211  5  2 93  0  0  0
 2  0 702632 3596032   5048 57712544 3708    0 231868    56 5944 6185  5  2 93  0  0  0
 1  0 702632 3399972   5732 57907016   20    0 195172     0 4792 4265  5  2 93  0  0  0
procs -----------memory---------- ---swap-- -----io---- -system-- -------cpu-------
 r  b   swpd   free   buff  cache   si   so    bi    bo   in   cs us sy id wa st gu
 3  0 702632 2927468   5540 58380844   16    0 857604     0 8517 7217  4  5 91  0  0  0
 2  0 702628 2998292   5528 58343268    8    0 723176   444 10860 7920  3  8 89  0  0  0
 2  0 702628 3632432   5500 57708000    0    4 101848     4 8145 6529  5  6 89  0  0  0
 3  0 702628 4317964   5500 57021120    0    0 77568     0 7908 6053  5  6 89  0  0  0
 4  0 702628 4975400   5508 56362288    0    0 92160   100 8069 6365  5  6 89  0  0  0
 1  0 702612 5444192   5444 55891724   24   12 99540    12 7659 6164  5  5 90  0  0  0
 3  0 702612 4583080   5444 56765036    8    0 1004064     0 6998 3609  3  4 92  0  0  0
 2  0 702608 5080472   5444 56268160    0    0 370424     0 8536 4176  1 10 88  0  0  0
 2  0 702608 5721440   5428 55622336    0    0 264228     0 6691 1799  0 11 88  0  0  0
 2  0 702604 6361692   5436 54986016    0    0 270052    44 8128 2245  0 12 88  0  0  0
 2  0 702612 6982604   5420 54364480    0   36 260588    36 7541 2890  1 10 89  1  0  0
 2  0 702612 7101040   5420 54245948   32    0 700648     0 9030 5070  1  8 90  2  0  0
 2  0 702612 7679656   5420 53663580    0    0 147152     0 8296 6507  5  6 89  0  0  0
 2  0 702612 7768872   5300 53567032    8   12 669464    12 11424 7997  4  7 89  1  0  0
 2  0 702612 8436780   5308 52897228    0    0 86108    44 8338 6137  5  6 89  0  0  0
 3  0 702600 8549964   5308 52787880   28    0 672936     0 9708 6640  2  7 89  2  0  0
 4  0 702600 8989444   5308 52348616  484    0 225508     0 11967 8883  5  7 88  0  0  0
 1  0 702600 9332216   4900 52002724    0   12 210304    12 8262 7044  5  5 89  0  0  0
 2  0 702592 8887436   4900 52322920    8    0 320508     0 7326 7814  4  4 91  1  0  0
 1  0 702572 8677708   4908 52529292   20    0 206228    72 6036 6167  5  2 92  0  0  0
 1  1 702572 7993484   4908 53347560    0    0 818284     0 6909 6059  2  2 94  2  0  0
procs -----------memory---------- ---swap-- -----io---- -system-- -------cpu-------
 r  b   swpd   free   buff  cache   si   so    bi    bo   in   cs us sy id wa st gu
 2  0 702572 7446104   4908 53897700   16    0 950444     0 7723 7641  1  5 92  1  0  0
 2  0 702564 7876048   4908 53467460    4    0 217656     0 9050 6860  5  6 89  0  0  0
 2  0 702564 8157348   4908 53184616    0    0 389172     0 8829 7931  5  6 89  0  0  0
 2  0 702560 8244184   4916 53095064    8    0 627496    44 10700 8901  4  7 89  0  0  0
 3  0 702556 8506412   4916 52830904   20    0 221844     0 8239 6683  5  5 90  0  0  0
 3  0 702556 6971616   4916 54367760    0    0 1555472     0 9576 9109  3  3 94  1  0  0
 2  0 702556 7629572   4916 53706792    0    0 94848     0 7586 6085  5  6 89  0  0  0
 2  0 702556 8197708   4916 53137576    0    0 140288     0 9521 7081  5  6 89  0  0  0
 2  0 702576 8202424   4612 53134324   12   24 216120    68 5647 4995  5  3 92  0  0  0
 2  0 702576 7994488   4612 53340916   40    0 206376     0 4422 4086  5  1 94  0  0  0
 1  0 702576 7784868   4612 53547764    0    0 206848     0 5910 5370  5  2 93  0  0  0
 1  0 702572 6887352   4616 54458788    0    0 911028    36 7824 6302  4  2 94  0  0  0
 5  0 702788 6781680   3964 54568208   24  272 154192   360 6102 4285  5  5 90  0  0  0
 4  0 703104 6805004   3920 54546964   12 1116 17736  1176 6303 1315  5 15 80  0  0  0
 1  0 707236 6791580   2560 54567148   48 7364 37988  7364 6138 1684  5 10 85  0  0  0
 2  0 707264 6566528   2484 54796668  120   64 264868    64 5671 4228  4  3 93  0  0  0
 2  0 707516 6871400   2448 54492036   76 2124 635292  2124 8931 3475  1 10 89  0  0  0
 2  0 707496 7417976   2436 53943180    8    0 149284     0 9990 7730  5  6 89  0  0  0
 2  0 704968 7960728   2452 53393000 3316    0 135976    44 12364 10485  5  6 88  0  0  0
 1  0 704968 7692612   2452 53598016    4    0 204804     0 7091 5581  5  3 92  0  0  0
 4  0 704956 7253324   2448 54109748 1876    0 514516     0 6341 7141  5  2 93  1  0  0
procs -----------memory---------- ---swap-- -----io---- -system-- -------cpu-------
 r  b   swpd   free   buff  cache   si   so    bi    bo   in   cs us sy id wa st gu
 2  0 704956 7264032   2448 54097484    4    0 132472     0 6562 4070  5  8 87  0  0  0
 2  0 704956 7593040   2448 53762812    0    0 203720     0 8574 6144  5  6 89  0  0  0
 2  0 705048 7715152   2456 53639848   20  584 174612   632 8357 5756  5  6 88  0  0  0
 2  0 705044 8254376   2444 53098680   20    0 127560     0 9856 7586  5  6 89  0  0  0
 2  0 705036 7714772   2444 53636456    8    0 887608     0 10929 6455  4  7 89  0  0  0
 2  0 705036 7920560   2444 53431016    0    0 163584     0 8660 6142  5  6 89  0  0  0
 3  0 705036 8296416   2444 53055584    0    0 143104     0 7516 5240  5  6 89  0  0  0
 3  0 705020 7991548   2452 53358932   24    0 853712    44 9534 6766  4  7 89  0  0  0
 2  0 705008 8596672   2452 52755400   12    0 116484     0 7015 4960  5  6 89  0  0  0
 3  0 705020 8523828   2428 52827720   48   12 197428    12 7035 5036  5  6 88  0  0  0
 3  0 705268 7611312   2428 53741208    0 1848 913608  1848 11574 5072  4  7 88  0  0  0
 1  0 705272 7421596   2412 53931636   52    4 204112     4 7373 5261  5  5 90  0  0  0
 1  0 705272 7197072   2420 54132900   28    0 200276    44 4766 4137  5  2 93  0  0  0
 2  0 705256 7235836   2340 54132760  184   16 705176    68 7170 3405  3  8 90  0  0  0
 2  0 705284 7668912   2340 53694032   20   24 277504    24 14992 20040  4  7 89  0  0  0
 2  0 705108 8167676   2340 53182772 5976    4 138532     4 42014 72940  5  6 88  1  0  0
 2  0 705120 8671940   2340 52676912   32   32 143600    32 16435 23759  5  6 89  0  0  0
 2  0 705120 9320864   2348 52027820   12    0 87256    88 8743 6587  5  6 89  0  0  0
 2  0 705120 9132424   2348 52217444   16    4 836032     4 57763 103716  4  7 89  0  0  0
 1  0 705124 9311168   2348 52037784   16    8 154520     8 45183 82776  5  4 91  0  0  0
 1  0 705124 9105876   2348 52241816    0    0 204032     0 4691 4012  5  1 94  0  0  0
procs -----------memory---------- ---swap-- -----io---- -system-- -------cpu-------
 r  b   swpd   free   buff  cache   si   so    bi    bo   in   cs us sy id wa st gu
 3  0 705120 8196016   2348 53151456    4    0 909976     0 7079 5934  4  2 94  0  0  0
 1  0 705104 7961496   2356 53348352   24    0 196996    44 4500 4199  5  2 93  0  0  0
 2  0 705104 7507596   2356 53800996    4    0 452028     0 5214 3927  5  1 94  0  0  0
 2  0 705104 7697388   2356 53659012   24    0 553996     0 26012 39909  4  7 89  0  0  0
 2  0 705104 8321092   2356 53033348    0    0 86528     0 19749 28778  5  6 89  0  0  0
 3  0 705104 8856868   2356 52495424    0    0 107520     0 48775 87868  5  6 89  0  0  0
 1  0 705104 8722600   2364 52625984    0    0 196608    44 12790 19811  5  2 93  0  0  0
 1  0 705104 7816728   2364 53528772   12    0 903036     0 7228 5820  4  2 94  0  0  0
 1  0 705104 7610960   2364 53732804    8    0 204296     0 5756 5306  5  2 93  0  0  0
 1  0 705100 7387808   2364 53933748   12    0 200716     0 5979 5255  5  2 93  0  0  0
 2  0 705100 7489168   2364 53872808    0    0 164352     0 5148 4536  5  3 92  0  0  0
 3  0 705116 8081128   2372 53274780    0   20 93952    64 31324 54148  5  6 89  0  0  0
 2  0 705116 8694308   2372 52659620    0    8 101148     8 13501 17535  5  6 89  0  0  0
 2  0 704864 8522196   2644 52824944 1512   24 859276    24 19600 26507  4  7 89  0  0  0
 2  0 704864 9053972   2644 52292336    0    0 149760     0 8843 6538  5  6 89  0  0  0
 2  0 704864 9639828   2644 51706800    0    0 127488     0 10522 11204  5  6 89  0  0  0
 3  0 704864 10069792   2652 51277228    4    8 200196    80 7508 6773  5  6 88  0  0  0
 1  0 704864 10238048   2648 51108656    0    0 200960     0 8801 9901  5  4 91  0  0  0
 1  0 704860 9398360   2648 51946912   28    0 838508     0 7041 4787  4  2 94  0  0  0
 1  0 695736 7673636   2648 50673064 22012    0 28680     0 4129 3272  0  5 95  0  0  0
 0  0 694732 7224532   2660 50813952 2448    0 30308     0 2359 1760  1  3 96  0  0  0
procs -----------memory---------- ---swap-- -----io---- -system-- -------cpu-------
 r  b   swpd   free   buff  cache   si   so    bi    bo   in   cs us sy id wa st gu
 1  0 694620 7178736   6336 50832104 8288    0 30068    60 4367 5321  1  1 97  1  0  0
 0  1 694588 6686640   7436 51093812 5348    0 268152     0 3809 4457  3  1 95  1  0  0
 1  0 694584 5905040   7860 51629008  276    0 536020    40 3602 4594  2  2 95  2  0  0
 0  1 694572 5229896   7860 52487796    0    0 858652     0 4611 7328  0  2 95  3  0  0
 1  0 694568 4667088   7860 53049552    8    0 561764     0 3368 4843  1  2 95  2  0  0
 0  1 694564 5806152   7608 51914144    0    0 493672    80 3388 4467  1  2 95  2  0  0
 1  0 694564 5036056   7608 52683508    0    0 769856    96 4141 6525  0  2 95  3  0  0
 1  0 694560 4666232   7608 53045516   60    0 361756     0 2810 3453  3  1 95  1  0  0
 1  0 694556 5422708   7608 52296784   20    4 853416     4 4950 7442  0  2 95  3  0  0
 1  0 694548 4827972   7608 52883040    0    0 586408     0 3665 5252  2  1 95  2  0  0
 0  1 694552 5547316   7552 52170796   20   12 562312    56 4022 5216  2  2 94  2  0  0
 0  1 694552 5120084   7552 52594224    0    0 422656     0 4373 3892  0  1 95  4  0  0
 1  0 694548 4854388   7552 52853180    0    0 258952     0 3246 2500  2  1 95  2  0  0
 0  1 694548 4362476   7552 53339116    8    0 485944     0 4297 4631  2  1 95  2  0  0
 1  1 695080 5780956   2684 51785440   76 1540 616108  1540 4596 5685  1  3 93  2  0  0
 0  1 695076 5222104   2692 52147484   24    0 361936    44 4039 3742  3  4 92  1  0  0
 2  0 695076 4681760   2692 52714060    0    0 566464     0 3868 5210  2  2 95  2  0  0
 1  0 695076 4477236   2692 53132476    0    0 418256     0 4137 4082  2  1 95  2  0  0
 2  0 695064 4147848   2692 53554512   80    0 422276     0 4083 4168  2  1 95  2  0  0
 0  1 695300 5127352   2644 52576036    0  432 373896   432 3950 3750  2  2 95  2  0  0
 1  0 695296 4733368   2652 52961228    0    0 385504    44 4447 3792  1  1 95  3  0  0
procs -----------memory---------- ---swap-- -----io---- -system-- -------cpu-------
 r  b   swpd   free   buff  cache   si   so    bi    bo   in   cs us sy id wa st gu
 1  0 695284 4476044   2652 53215604   12    0 254076     0 3768 2752  2  1 95  2  0  0
 1  0 695284 4016428   2652 53670028    0    0 454424     0 4820 4402  0  1 95  4  0  0
 0  1 695484 5070108   2620 52623092  244  228 164236   228 2779 2110  3  1 94  1  0  0
 1  0 695484 4616160   2620 53076820    0    0 453984     0 5183 4462  0  1 95  4  0  0
 1  0 695476 4449084   2628 53234828   24    0 157776    44 3054 2006  3  1 95  1  0  0
 2  0 695476 4005400   2628 53670556   20    0 435453     0 5411 4847  1  4 92  3  0  0
 1  0 695440 5999184   2636 51676164   72  168 505722   168 5104 5834  2  4 92  2  0  0
 2  0 695432 5518412   2636 52024864  160    0 348492     0 3833 3900  3  3 92  1  0  0
 1  0 695432 5299768   2636 52236224   12    0 211260     0 2951 2488  3  1 94  1  0  0
 1  0 695424 4955620   2644 52570736   24    0 333972    48 3074 3634  3  1 95  1  0  0
 1  0 695412 4544052   2644 52977132   16    0 406412     0 3680 4518  3  1 95  2  0  0
 1  0 695412 4172540   2644 53342248    0    0 365116     0 3464 4073  3  1 95  1  0  0
 1  0 695408 3842340   2648 53666360   36    0 324152    48 3453 3784  3  1 95  1  0  0
 1  1 695204 5435124   2636 52211400  944    4 138504     4 3841 2550  4  5 90  1  0  0
 2  0 695204 6171716   2644 51467556    4    0 225176    76 3760 2715  3  6 90  1  0  0
 1  0 693620 6853176   2788 50769476 4848   76 388356   300 7552 6511  3  4 91  2  0  0
 1  0 692600 6441420   3512 51048216 1152    0 281192   512 4888 3770  3  4 92  2  0  0
 0  0 692588 6334864   3512 51152000   52    0 103332     0 2781 1577  4  2 93  1  0  0
 1  0 692584 6038556   3512 51442984    8    0 290992     0 4327 3366  2  2 94  2  0  0
 0  1 692576 5789376   3512 51690684   12    0 247916     0 3875 2933  2  1 95  2  0  0
 0  1 692544 5597264   3512 51876344  196    0 185652    64 2902 2564  4  1 95  1  0  0
procs -----------memory---------- ---swap-- -----io---- -system-- -------cpu-------
 r  b   swpd   free   buff  cache   si   so    bi    bo   in   cs us sy id wa st gu
 0  1 692544 5428024   3524 52039532    4    0 163192   132 2634 2161  4  1 95  1  0  0
 1  0 692544 5171020   3524 52292376    0    0 252844     0 3356 3047  3  1 95  2  0  0
 1  0 692520 4928080   3524 52529868   48    0 237856     0 3605 3063  3  1 95  2  0  0
 2  0 692520 4708136   3524 52742576    0    0 212780     0 3035 2805  3  1 95  1  0  0
 1  0 692496 4519976   3524 52926004    0    0 183168     0 2769 2435  4  1 95  1  0  0
 1  0 692496 4478600   3532 53106284    0    0 180064    44 2727 2464  3  1 95  1  0  0
 0  1 692496 4259608   3532 53239760    0    0 133136     0 2639 1982  4  1 94  1  0  0
 2  0 692492 5261444   3532 52316476   16    0 53424     0 2769 1027  5  5 90  0  0  0
 1  0 692884 6450972   3532 51117288    0  440 204300   440 4442 2829  4  5 91  1  0  0
 1  0 692868 6119796   3532 51320880   16    0 203652     0 3536 2767  3  3 93  1  0  0
 1  0 692864 5920728   3540 51511512   12    0 190960    72 3429 2619  3  2 94  1  0  0
 0  1 692864 5810980   3540 51614084    0    0 102492     0 2305 1598  4  0 95  1  0  0
 1  0 692864 5696364   3540 51724232    0    0 110044     0 2456 1718  4  0 95  1  0  0
 1  0 692856 5556052   3540 51855976    8    0 131844     0 2513 2059  4  1 95  1  0  0
 1  0 692856 5390884   3540 52018824    0    0 162580     0 2638 2236  3  1 95  1  0  0
 1  0 692856 5236708   3540 52166100    0    0 147268     0 2867 2209  4  1 95  1  0  0
 1  0 692856 5095184   3548 52301744    0    0 135644    44 2709 2068  4  1 95  1  0  0
 1  0 692852 4968192   3548 52422712   20    0 120988     0 2659 2005  4  1 95  1  0  0
 1  0 692852 4843388   3548 52539940    0    0 117228     0 2637 1981  4  1 95  1  0  0
 2  0 692844 5203540   3548 52316088    8    0 116636     0 2995 1935  4  2 93  1  0  0
 2  0 692988 5995684   3548 51524416    0  148 58332   148 3273 1179  5  5 90  0  0  0
procs -----------memory---------- ---swap-- -----io---- -system-- -------cpu-------
 r  b   swpd   free   buff  cache   si   so    bi    bo   in   cs us sy id wa st gu
 2  0 693748 7071044   3552 50441988    0  776 76184   856 2811 1359  5  3 93  0  0  0
 1  0 693748 6917180   3552 50588204    0    0 146216     0 2971 2113  4  1 95  1  0  0
 1  0 693748 6773144   3552 50726688    0    0 138484     0 3087 2100  4  1 95  1  0  0
 1  0 693748 6637012   3552 50855444    0    0 128756     0 2771 2003  4  1 95  1  0  0
 1  0 693748 6512820   3552 50974400    0    0 118956     0 2694 1866  4  0 95  1  0  0
 2  0 693748 6386184   3560 51093436    0    0 119432    68 2837 1995  4  0 95  1  0  0
 1  0 693744 6276100   3560 51197792   28    0 103980     8 2971 1962  4  1 95  1  0  0
 1  0 693744 6171080   3560 51293884    4    0 96096     0 2834 1797  4  1 95  1  0  0
 1  0 693744 6070356   3560 51388052    0    0 94304     0 2812 1712  4  1 95  1  0  0
 0  1 693744 6009884   3560 51448140    4    0 59956     0 2271 1205  4  0 95  1  0  0
 1  0 693744 5948348   3568 51503700    0    0 55468   192 2341 1256  4  0 95  1  0  0
 1  0 693744 5882724   3568 51565208   32    0 61632     0 2263 1281  4  0 95  1  0  0
 1  0 692464 5790248   3572 51646776  644    0 83136     0 4913 3626  4  1 93  2  0  0
 1  0 692464 5720492   3572 51712304   12    0 65540     0 2391 1307  4  0 95  1  0  0
 1  0 692464 5641944   3572 51785068    0    0 71844     0 2567 1437  4  0 95  1  0  0
 1  0 692464 5569884   3580 51852864    0    0 67804    44 2566 1444  4  0 95  1  0  0
 2  0 692456 5489740   3580 51926064   28    0 73252     0 2697 1458  4  0 95  1  0  0
 0  1 692452 5430744   3580 51984624   12    0 58532     0 2398 1290  4  0 95  1  0  0
 1  0 692452 5409044   3580 52001604    4    0 16984     0 1856  736  5  0 95  0  0  0
 2  0 692452 5356268   3580 52048012    4    0 46412     0 1975 1061  4  0 95  1  0  0
 1  0 692452 5295304   3588 52104668    0    0 56664    44 2360 1291  4  0 95  1  0  0
procs -----------memory---------- ---swap-- -----io---- -system-- -------cpu-------
 r  b   swpd   free   buff  cache   si   so    bi    bo   in   cs us sy id wa st gu
 1  0 692452 5235520   3588 52158200    0    0 53524     0 2430 1238  4  0 95  1  0  0
 1  0 692448 5181576   3588 52207184    4    0 48988     0 2349 1269  4  0 95  1  0  0
 1  0 692448 5122436   3588 52259748    0    0 52564     0 2334 1285  4  0 95  1  0  0
 1  0 692448 5069208   3588 52308636    0    0 49044     0 2328 1248  4  0 95  1  0  0
 0  1 692448 5039488   3588 52337572    0    0 29188     0 2081  868  4  0 95  0  0  0
 2  0 692448 5020136   3596 52351908   12    0 13932    44 1769  761  5  0 95  0  0  0
 1  0 692448 4982012   3596 52392476    4    0 40572     0 2246 1104  3  2 95  1  0  0
 1  0 692380 4939984   3596 52434184   32    0 42388     0 2345 1178  3  2 95  1  0  0
 1  0 692380 4897996   3596 52474840    0    0 40372     0 2174 1153  3  2 95  1  0  0
 1  0 692320 4858780   3596 52511800   84    0 37432     0 2446 1483  3  2 94  0  0  0
 1  0 692312 4820664   3604 52547432    8    0 34932    60 2160 1171  3  2 95  0  0  0
 1  0 692312 4786104   3604 52579408    0    0 31928     0 1942  974  3  2 95  0  0  0
 1  0 692312 7168196   3260 50226508   16    0 31444     0 2402 1056  3  3 93  0  0  0
 1  1 692304 6914232   3260 50254620    8    0 27776     0 2839 1062  3  4 92  0  0  0
 2  0 692304 6920360   3260 50264212    0    0  9300     0 2610  572  3  7 90  0  0  0
 1  0 692300 6897308   3268 50299536    4    0 35336    96 2563 1070  3  4 92  0  0  0
 1  0 692296 6863816   3268 50331880   44    0 32408     0 2121 1076  3  2 95  0  0  0
 1  0 692296 6846984   3268 50363048    0    0 31556     0 1962  968  3  2 95  0  0  0
 1  0 692296 6830100   3268 50391752    0    0 28308     0 2079  956  3  2 95  0  0  0
 1  0 692296 6810176   3268 50423216    4    0 31688     0 2020  970  3  2 95  0  0  0
 1  0 692296 6817788   3280 50426052    0    0  2596   128 1624  514  3  2 95  0  0  0
procs -----------memory---------- ---swap-- -----io---- -system-- -------cpu-------
 r  b   swpd   free   buff  cache   si   so    bi    bo   in   cs us sy id wa st gu
 1  0 692296 6799992   3280 50452996    0    0 26940     0 1891  914  3  2 95  0  0  0
 1  0 692296 6777920   3280 50477972  152    0 25128     0 1907 1015  3  2 95  0  0  0
 1  0 692296 6749228   3280 50506556    0    0 28584     0 1912  957  3  2 95  0  0  0
 1  0 692296 6725564   3280 50530004    0    0 23444     0 1951  870  3  2 95  0  0  0
 1  0 692296 6702416   3288 50553288    0    0 23292    56 2015  951  3  2 95  0  0  0
 2  0 692292 6675552   3288 50577544   12    0 24616     0 2294 1056  3  2 95  0  0  0
 1  0 692292 6654600   3288 50598740    0    0 21088     0 1813  852  3  1 95  0  0  0
 0  1 692284 6638244   3288 50614572   36    0 15620     0 1806  729  3  2 95  0  0  0
 1  0 692284 6633468   3288 50619140    0    0  4568     0 1484  479  3  2 95  0  0  0
 1  0 692284 6611556   3296 50641208    0    0 22068    72 1928  893  3  2 95  0  0  0
 1  0 692284 6589540   3296 50663176    0    0 21964     0 1831  890  3  2 95  0  0  0
 1  0 692284 6569660   3296 50682604    0    0 19428     0 1931  863  4  2 95  0  0  0
 1  0 692284 6564116   3296 50699488    0    0 16884     0 1811  810  3  2 95  0  0  0
 1  0 692284 6563576   3296 50718040    0    0 18888     0 1901  837  3  2 95  0  0  0
 1  0 692284 6563324   3304 50725192    0    0  6812    44 1710  591  3  2 95  0  0  0
 1  0 692284 6563324   3304 50735192    8    0 10008     0 1686  593  3  2 95  0  0  0
 2  0 692284 6562824   3304 50753564    0    0 18372     0 1907  836  3  2 95  0  0  0
 1  0 692284 6562824   3304 50771328    0    0 17764     0 1915  841  3  1 95  0  0  0
 1  0 692284 6562444   3304 50784376    4    0 13052     0 1947  772  3  2 95  0  0  0
 1  0 692284 6562192   3304 50797528    0    0 13152     0 1828  691  3  2 95  0  0  0
 0  1 692284 6561688   3312 50805848    0    0  8328    56 1699  593  4  1 95  0  0  0
procs -----------memory---------- ---swap-- -----io---- -system-- -------cpu-------
 r  b   swpd   free   buff  cache   si   so    bi    bo   in   cs us sy id wa st gu
 1  0 692280 6561688   3312 50812976    4    0  7120     0 1570  553  3  2 95  0  0  0
 1  0 692280 6548096   3312 50826024    0    0 13048     0 1836  754  3  2 95  0  0  0
 1  0 692280 6535760   3312 50837896    4    0 11876     0 1736  702  3  2 95  0  0  0
 1  0 692280 6523928   3312 50849872    4    0 11976     0 1789  691  3  2 95  0  0  0
 1  0 692268 6506576   3324 50865084   32    0 15520    72 2261 1031  4  2 94  0  0  0
 2  0 692256 6503712   3324 50865376   12    0    12     0 1437  444  3  2 95  0  0  0
 1  0 692256 6401608   3324 50879028    0    0 13652     0 1886  621  3  3 94  0  0  0
 1  0 692256 6389712   3324 50891176    0    0 12148     0 1807  711  4  1 95  0  0  0
 1  0 692256 6375124   3324 50905212    0    0 14036     0 1887  794  3  2 95  0  0  0
 1  0 692256 6362032   3332 50916228    0    0 11016    92 2070  785  3  2 95  0  0  0
 2  0 692256 6362032   3332 50916232    0    0     0     0 1372  351  3  2 95  0  0  0
 1  0 692256 6351952   3332 50926280    0    0 10048     0 1821  672  3  2 95  0  0  0
 2  0 692256 6339908   3332 50937988    0    0 11708     0 1817  723  3  1 95  0  0  0
 1  0 692256 6329800   3332 50948168    8    0 10384     0 1776  644  3  2 95  0  0  0
 1  0 692256 6318672   3340 50959396   20    0 11048   116 1829  730  4  1 95  0  0  0
 1  0 692256 6318672   3340 50959396    0    0     0     0 1363  374  3  2 95  0  0  0
 1  0 692256 6306840   3340 50970912    0    0 11516     0 1819  753  3  2 95  0  0  0
 1  0 692256 6297528   3340 50980052    0    0  9140     0 1710  610  4  1 95  0  0  0
 1  0 692256 6289980   3340 50987600    0    0  7720     0 1730  585  3  2 95  0  0  0
 1  0 692252 6287924   3348 50987764    0    0     0    44 1678  484  4  1 95  0  0  0
 1  0 692252 6279700   3348 50997256    0    0  9492     0 1595  666  3  2 95  0  0  0
procs -----------memory---------- ---swap-- -----io---- -system-- -------cpu-------
 r  b   swpd   free   buff  cache   si   so    bi    bo   in   cs us sy id wa st gu
 1  0 692216 6271204   3348 51005256   20    0  8412     0 1892  796  4  1 95  0  0  0
 2  0 692216 6259768   3348 51015444    0    0  9784     0 1907  636  3  2 95  0  0  0
 1  0 692216 6250460   3348 51024772    0    0  9324     0 1910  731  4  1 95  0  0  0
 1  0 692216 6249452   3356 51024764    0    0     0    44 1660  461  3  2 94  0  0  0
 1  0 692216 6243428   3356 51030740   16    0  5984     0 1776  675  3  2 95  0  0  0
 2  0 692212 6233360   3356 51040360    4    0  9624     0 1842  648  3  2 95  0  0  0
 1  0 692212 6225488   3356 51046220    0    0  6288     0 1911  598  3  2 95  0  0  0
 1  0 692096 6225308   3356 51046648   80    0    80     0 1575  561  3  2 95  0  0  0
 1  0 692096 6218264   3364 51053572    0    0  6924    44 1943  627  3  2 95  0  0  0
 2  0 692096 6211712   3368 51060212    0    0  6628    16 1868  731  3  2 95  0  0  0
 1  0 692096 6203912   3368 51067316    0    0  7204     0 1785  686  3  2 95  0  0  0
 1  0 692096 6203660   3368 51067420    0    0     0     0 1495  502  3  2 95  0  0  0
 1  0 692096 6198364   3368 51073452    0    0  6036     0 1934  724  3  2 95  0  0  0
 1  0 692092 6190516   3376 51080548    8    0  7096    64 2061  831  3  2 95  0  0  0
 1  0 692092 6184300   3376 51086324   20    0  6140    16 2071  663  3  2 95  0  0  0
 1  0 692092 6184220   3376 51086668    0    0     0     0 1402  393  3  2 95  0  0  0
 1  0 692092 6177440   3376 51093520    0    0  6852     0 1682  596  3  1 95  0  0  0
 1  0 692092 6167452   3384 51099664    0    0  6336    64 2173  632  3  3 94  0  0  0
 1  0 692056 6158020   3952 51103188  260    0  4128    36 2414  973  4  2 94  0  0  0
 1  0 692052 6154236   3952 51106852    8    0  3672     4 1643  588  3  2 95  0  0  0
 1  0 692052 6000232   3952 51135988    0    0 29136     0 2024  885  3  2 95  0  0  0
procs -----------memory---------- ---swap-- -----io---- -system-- -------cpu-------
 r  b   swpd   free   buff  cache   si   so    bi    bo   in   cs us sy id wa st gu
 1  0 692028 5834788   3952 51150248  212    0 14540     0 1820  775  3  2 95  0  0  0
 1  0 692028 5820952   3952 51170012   80    0 19844     0 1627  752  5  0 95  0  0  0
 1  0 692028 5808352   3960 51182980   64    0 12960    64 1827  797  5  0 95  0  0  0
 1  0 692024 5797768   3960 51193604  168    0 10944   104 1618  792  5  0 95  0  0  0
 1  0 692024 5783592   3984 51203340  704    0 10548    84 1648  939  5  0 95  0  0  0
